// Jest Snapshot v1, https://goo.gl/fbAQLP

exports[`Counter component renders correctly 1`] = `
<div
  className="makeStyles-root-1"
>
  <div
    className="MuiPaper-root makeStyles-paper-2 MuiPaper-elevation1 MuiPaper-rounded"
  >
    <table
      aria-label="activity table"
      className="MuiTable-root makeStyles-table-3"
    >
      <thead
        className="MuiTableHead-root"
      >
        <tr
          className="MuiTableRow-root MuiTableRow-head"
        >
          <th
            aria-sort={null}
            className="MuiTableCell-root MuiTableCell-head"
            scope="col"
          >
            Time
          </th>
          <th
            aria-sort={null}
            className="MuiTableCell-root MuiTableCell-head"
            scope="col"
          >
            Date
          </th>
          <th
            aria-sort={null}
            className="MuiTableCell-root MuiTableCell-head"
            scope="col"
          >
            Name
          </th>
        </tr>
      </thead>
      <tbody
        className="MuiTableBody-root"
      >
        <tr
          className="MuiTableRow-root"
        >
          <td
            aria-sort={null}
            className="MuiTableCell-root MuiTableCell-body"
          >
            12:00:00 AM
          </td>
          <td
            aria-sort={null}
            className="MuiTableCell-root MuiTableCell-body"
          >
            Tue Feb 01 2000
          </td>
          <th
            aria-sort={null}
            className="MuiTableCell-root MuiTableCell-body"
            scope="row"
          >
            one
          </th>
        </tr>
        <tr
          className="MuiTableRow-root"
        >
          <td
            aria-sort={null}
            className="MuiTableCell-root MuiTableCell-body"
          >
            -
          </td>
          <td
            aria-sort={null}
            className="MuiTableCell-root MuiTableCell-body"
          >
            -
          </td>
          <th
            aria-sort={null}
            className="MuiTableCell-root MuiTableCell-body"
            scope="row"
          >
            two
          </th>
        </tr>
      </tbody>
    </table>
  </div>
</div>
`;
