// Jest Snapshot v1, https://goo.gl/fbAQLP

exports[`Workout Creator Store initial state should match snapshot 1`] = `
Object {
  "currentHistoryPosition": 0,
  "currentIntervals": Array [
    Object {
      "durationSeconds": 60,
      "intensity": 0.3,
    },
    Object {
      "durationSeconds": 60,
      "intensity": 0.4,
    },
    Object {
      "durationSeconds": 60,
      "intensity": 0.5,
    },
    Object {
      "durationSeconds": 300,
      "intensity": 0.6,
    },
    Object {
      "intensity": 1.3,
      "length": 30,
    },
    Object {
      "intensity": 0.6,
      "length": 15,
    },
    Object {
      "intensity": 1.3,
      "length": 30,
    },
    Object {
      "intensity": 0.6,
      "length": 15,
    },
    Object {
      "intensity": 1.3,
      "length": 30,
    },
    Object {
      "intensity": 0.6,
      "length": 15,
    },
    Object {
      "intensity": 1.3,
      "length": 30,
    },
    Object {
      "intensity": 0.6,
      "length": 15,
    },
    Object {
      "intensity": 1.3,
      "length": 30,
    },
    Object {
      "intensity": 0.6,
      "length": 15,
    },
    Object {
      "intensity": 1.3,
      "length": 30,
    },
    Object {
      "intensity": 0.6,
      "length": 15,
    },
    Object {
      "intensity": 1.3,
      "length": 30,
    },
    Object {
      "intensity": 0.6,
      "length": 15,
    },
    Object {
      "intensity": 1.3,
      "length": 30,
    },
    Object {
      "intensity": 0.6,
      "length": 15,
    },
    Object {
      "intensity": 1.3,
      "length": 30,
    },
    Object {
      "intensity": 0.6,
      "length": 15,
    },
    Object {
      "intensity": 1.3,
      "length": 30,
    },
    Object {
      "intensity": 0.6,
      "length": 15,
    },
    Object {
      "intensity": 1.3,
      "length": 30,
    },
    Object {
      "intensity": 0.6,
      "length": 15,
    },
    Object {
      "intensity": 1.3,
      "length": 30,
    },
    Object {
      "intensity": 0.6,
      "length": 15,
    },
    Object {
      "intensity": 1.3,
      "length": 30,
    },
    Object {
      "intensity": 0.6,
      "length": 15,
    },
    Object {
      "durationSeconds": 300,
      "intensity": 0.6,
    },
  ],
  "ftp": 200,
  "generatingFromActivity": false,
  "generationParams": Object {
    "discrepencySmoothingRadius": 1,
    "inputSmoothingRadius": 1,
    "minIntervalDuration": 10,
    "stepThreshold": 0.1,
    "windowRadius": 10,
  },
  "history": Array [
    Array [
      Object {
        "durationSeconds": 60,
        "intensity": 0.3,
      },
      Object {
        "durationSeconds": 60,
        "intensity": 0.4,
      },
      Object {
        "durationSeconds": 60,
        "intensity": 0.5,
      },
      Object {
        "durationSeconds": 300,
        "intensity": 0.6,
      },
      Object {
        "intensity": 1.3,
        "length": 30,
      },
      Object {
        "intensity": 0.6,
        "length": 15,
      },
      Object {
        "intensity": 1.3,
        "length": 30,
      },
      Object {
        "intensity": 0.6,
        "length": 15,
      },
      Object {
        "intensity": 1.3,
        "length": 30,
      },
      Object {
        "intensity": 0.6,
        "length": 15,
      },
      Object {
        "intensity": 1.3,
        "length": 30,
      },
      Object {
        "intensity": 0.6,
        "length": 15,
      },
      Object {
        "intensity": 1.3,
        "length": 30,
      },
      Object {
        "intensity": 0.6,
        "length": 15,
      },
      Object {
        "intensity": 1.3,
        "length": 30,
      },
      Object {
        "intensity": 0.6,
        "length": 15,
      },
      Object {
        "intensity": 1.3,
        "length": 30,
      },
      Object {
        "intensity": 0.6,
        "length": 15,
      },
      Object {
        "intensity": 1.3,
        "length": 30,
      },
      Object {
        "intensity": 0.6,
        "length": 15,
      },
      Object {
        "intensity": 1.3,
        "length": 30,
      },
      Object {
        "intensity": 0.6,
        "length": 15,
      },
      Object {
        "intensity": 1.3,
        "length": 30,
      },
      Object {
        "intensity": 0.6,
        "length": 15,
      },
      Object {
        "intensity": 1.3,
        "length": 30,
      },
      Object {
        "intensity": 0.6,
        "length": 15,
      },
      Object {
        "intensity": 1.3,
        "length": 30,
      },
      Object {
        "intensity": 0.6,
        "length": 15,
      },
      Object {
        "intensity": 1.3,
        "length": 30,
      },
      Object {
        "intensity": 0.6,
        "length": 15,
      },
      Object {
        "durationSeconds": 300,
        "intensity": 0.6,
      },
    ],
  ],
  "newInterval": Object {
    "durationSeconds": 0,
    "intensity": 1,
  },
  "selectedIndex": null,
}
`;
